Header profile="" library=""
Statistics messageCount=0 channelCount=0 attachmentCount=0 chunkCount=0 channelMessageCounts={}
Footer summaryStart=38 summaryOffsetStart=0
