Header profile="" library=""
Footer summaryStart=25 summaryOffsetStart=0
