Header profile="" library=""
Attachment name=myfile created_at=1 log_time=2 content_type=application/octet-stream data=<010203>
Statistics message_count=0 channel_count=0 attachment_count=1 chunk_count=0 channel_message_counts={}
AttachmentIndex offset=28 length=81 log_time=2 data_size=3 name=myfile content_type=application/octet-stream
Footer summary_start=125 summary_offset_start=0
