Header profile="" library=""
Attachment name=myfile recordTime=2 contentType=application/octet-stream data=<010203>
AttachmentIndex recordTime=2 attachmentSize=3 name=myfile contentType=application/octet-stream offset=28 attachmentRecordLength=81
Footer summaryStart=125 summaryOffsetStart=0
