Header profile="" library=""
Attachment name=myfile recordTime=2 contentType=application/octet-stream data=<010203>
Statistics messageCount=0 channelCount=0 attachmentCount=1 chunkCount=0 channelMessageCounts={}
AttachmentIndex recordTime=2 attachmentSize=3 name=myfile contentType=application/octet-stream offset=25 attachmentRecordLength=78
SummaryOffset groupOpcode=12 groupStart=149 groupLength=0
SummaryOffset groupOpcode=10 groupStart=116 groupLength=33
SummaryOffset groupOpcode=9 groupStart=149 groupLength=79
SummaryOffset groupOpcode=7 groupStart=228 groupLength=0
Footer summaryStart=116 summaryOffsetStart=228
