Header profile="" library=""
Attachment name=myfile recordTime=2 contentType=application/octet-stream data=<010203>
AttachmentIndex recordTime=2 attachmentSize=3 name=myfile contentType=application/octet-stream offset=28 attachmentRecordLength=81
SummaryOffset groupOpcode=12 groupStart=125 groupLength=0
SummaryOffset groupOpcode=9 groupStart=125 groupLength=82
SummaryOffset groupOpcode=7 groupStart=207 groupLength=0
Footer summaryStart=125 summaryOffsetStart=207
