Header profile="" library=""
ChannelInfo id=1 topic=example message_encoding=a schema_encoding=c schema=b schema_name=Example metadata={foo=bar}
Message channel_id=1 sequence=10 publish_time=1 log_time=2 message_data=<010203>
MessageIndex channel_id=1 records={2=66}
ChannelInfo id=1 topic=example message_encoding=a schema_encoding=c schema=b schema_name=Example metadata={foo=bar}
ChunkIndex start_time=2 end_time=2 chunk_start_offset=25 chunk_length=139 message_index_offsets={1=166} message_index_length=31 compression="" compressed_size=100 uncompressed_size=100
SummaryOffset group_opcode=12 group_start=210 group_length=66
SummaryOffset group_opcode=12 group_start=276 group_length=0
SummaryOffset group_opcode=9 group_start=276 group_length=0
SummaryOffset group_opcode=7 group_start=276 group_length=87
Footer summary_start=210 summary_offset_start=363
