Header profile="" library=""
ChannelInfo id=1 topic=example message_encoding=a schema_encoding=c schema=b schema_name=Example metadata={foo=bar}
Message channel_id=1 sequence=10 publish_time=1 log_time=2 message_data=<010203>
Statistics message_count=1 channel_count=1 attachment_count=0 chunk_count=0 channel_message_counts={1=1}
SummaryOffset group_opcode=12 group_start=181 group_length=0
SummaryOffset group_opcode=10 group_start=138 group_length=43
SummaryOffset group_opcode=9 group_start=181 group_length=0
SummaryOffset group_opcode=7 group_start=181 group_length=0
Footer summary_start=138 summary_offset_start=181
