Header profile="" library=""
ChannelInfo channelId=1 topicName=example messageEncoding=a schemaEncoding=c schema=b schemaName=Example userData={foo=bar}
Message channelId=1 sequence=10 publishTime=1 recordTime=2 messageData=<010203>
ChannelInfo channelId=1 topicName=example messageEncoding=a schemaEncoding=c schema=b schemaName=Example userData={foo=bar}
SummaryOffset groupOpcode=12 groupStart=138 groupLength=66
SummaryOffset groupOpcode=12 groupStart=204 groupLength=0
SummaryOffset groupOpcode=9 groupStart=204 groupLength=0
SummaryOffset groupOpcode=7 groupStart=204 groupLength=0
Footer summaryStart=138 summaryOffsetStart=204
