Header profile="" library=""
ChannelInfo id=1 topic=example message_encoding=a schema_encoding=c schema=b schema_name=Example metadata={foo=bar}
Message channel_id=1 sequence=10 publish_time=1 log_time=2 message_data=<010203>
MessageIndex channel_id=1 records={2=66}
ChannelInfo id=1 topic=example message_encoding=a schema_encoding=c schema=b schema_name=Example metadata={foo=bar}
Statistics message_count=1 channel_count=1 attachment_count=0 chunk_count=1 channel_message_counts={1=1}
ChunkIndex start_time=2 end_time=2 chunk_start_offset=25 chunk_length=139 message_index_offsets={1=166} message_index_length=31 compression="" compressed_size=100 uncompressed_size=100
Footer summary_start=210 summary_offset_start=0
