Header library="" profile=""
Schema id=1 schema=b schema_encoding=c schema_name=Example
ChannelInfo id=1 message_encoding=a metadata={foo=bar} schema_id=1 topic=example
Message channel_id=1 log_time=2 message_data=<010203> publish_time=1 sequence=10
MessageIndex channel_id=1 records={2=79}
ChannelInfo id=1 message_encoding=a metadata={foo=bar} schema_id=1 topic=example
ChunkIndex chunk_length=160 chunk_start_offset=28 compressed_size=113 compression="" end_time=2 message_index_length=34 message_index_offsets={1=190} start_time=2 uncompressed_size=113
SummaryOffset group_length=50 group_opcode=4 group_start=240
SummaryOffset group_length=0 group_opcode=13 group_start=290
SummaryOffset group_length=0 group_opcode=10 group_start=290
SummaryOffset group_length=90 group_opcode=8 group_start=290
Footer summary_crc=0 summary_offset_start=380 summary_start=240
