Header library="" profile=""
Schema id=1 schema=b schema_encoding=c schema_name=Example
ChannelInfo id=1 message_encoding=a metadata={foo=bar} schema_id=1 topic=example
Message channel_id=1 log_time=2 message_data=<010203> publish_time=1 sequence=10
ChannelInfo id=1 message_encoding=a metadata={foo=bar} schema_id=1 topic=example
Footer summary_crc=0 summary_offset_start=0 summary_start=151
