Header library="" profile=""
ChannelInfo id=1 message_encoding=a metadata={foo=bar} schema=b schema_encoding=c schema_name=Example topic=example
Message channel_id=1 log_time=2 message_data=<010203> publish_time=1 sequence=10
MessageIndex channel_id=1 records={2=66}
ChannelInfo id=1 message_encoding=a metadata={foo=bar} schema=b schema_encoding=c schema_name=Example topic=example
Statistics attachment_count=0 channel_count=1 channel_message_counts={1=1} chunk_count=1 message_count=1
ChunkIndex chunk_length=139 chunk_start_offset=25 compressed_size=100 compression="" end_time=2 message_index_length=31 message_index_offsets={1=166} start_time=2 uncompressed_size=100
Footer summary_offset_start=0 summary_start=210
