Header library=s:"" profile=s:""
Schema data=b:<040506> encoding=s:c id=i:1 name=s:Example
ChannelInfo id=i:1 message_encoding=s:a metadata=m:{s:foo=s:bar} schema_id=i:1 topic=s:example
Message channel_id=i:1 data=b:<010203> log_time=n:2 publish_time=n:1 sequence=i:10
Schema data=b:<040506> encoding=s:c id=i:1 name=s:Example
ChannelInfo id=i:1 message_encoding=s:a metadata=m:{s:foo=s:bar} schema_id=i:1 topic=s:example
Statistics attachment_count=i:0 channel_count=i:1 channel_message_counts=m:{i:1=n:1} chunk_count=i:0 message_count=n:1
SummaryOffset group_length=n:37 group_opcode=i:3 group_start=n:165
SummaryOffset group_length=n:50 group_opcode=i:4 group_start=n:202
SummaryOffset group_length=n:0 group_opcode=i:13 group_start=n:298
SummaryOffset group_length=n:46 group_opcode=i:11 group_start=n:252
SummaryOffset group_length=n:0 group_opcode=i:8 group_start=n:298
Footer summary_crc=i:0 summary_offset_start=n:298 summary_start=n:165
