Header library="" profile=""
Schema id=1 schema=b schema_encoding=c schema_name=Example
ChannelInfo id=1 message_encoding=a metadata={foo=bar} schema_id=1 topic=example
Message channel_id=1 log_time=2 message_data=<010203> publish_time=1 sequence=10
Statistics attachment_count=0 channel_count=1 channel_message_counts={1=1} chunk_count=0 message_count=1
SummaryOffset group_length=0 group_opcode=13 group_start=194
SummaryOffset group_length=43 group_opcode=11 group_start=151
SummaryOffset group_length=0 group_opcode=10 group_start=194
SummaryOffset group_length=0 group_opcode=8 group_start=194
Footer summary_crc=0 summary_offset_start=194 summary_start=151
