Header library=s:"" profile=s:""
Schema data=b:<040506> encoding=s:c id=i:1 name=s:Example
ChannelInfo id=i:1 message_encoding=s:a metadata=m:{s:foo=s:bar} schema_id=i:1 topic=s:example
Message channel_id=i:1 data=b:<010203> log_time=n:2 publish_time=n:1 sequence=i:10
Schema data=b:<040506> encoding=s:c id=i:1 name=s:Example
ChunkIndex chunk_length=n:162 chunk_start_offset=n:25 compressed_size=n:115 compression=s:"" end_time=n:2 message_index_length=n:0 message_index_offsets=m:{} start_time=n:2 uncompressed_size=n:115
SummaryOffset group_length=n:34 group_opcode=i:3 group_start=n:202
SummaryOffset group_length=n:0 group_opcode=i:13 group_start=n:236
SummaryOffset group_length=n:77 group_opcode=i:8 group_start=n:236
Footer summary_crc=i:0 summary_offset_start=n:313 summary_start=n:202
