Header library="" profile=""
Schema data=<040506> encoding=c id=1 name=Example
ChannelInfo id=1 message_encoding=a metadata={foo=bar} schema_id=1 topic=example
Message channel_id=1 data=<010203> log_time=2 publish_time=1 sequence=10
Schema data=<040506> encoding=c id=1 name=Example
Statistics attachment_count=0 channel_count=1 channel_message_counts={1=1} chunk_count=0 message_count=1
Footer summary_crc=0 summary_offset_start=0 summary_start=153
