Header library=s:"" profile=s:""
Attachment content_type=s:application/octet-stream created_at=n:1 data=b:<010203> log_time=n:2 name=s:myFile
Statistics attachment_count=i:1 channel_count=i:0 channel_message_counts=m:{} chunk_count=i:0 message_count=n:0
AttachmentIndex content_type=s:application/octet-stream data_size=n:3 length=n:78 log_time=n:2 name=s:myFile offset=n:25
Footer summary_crc=i:0 summary_offset_start=n:0 summary_start=n:116
