Header library="" profile=""
Attachment content_type=application/octet-stream created_at=1 data=<010203> log_time=2 name=myfile
AttachmentIndex content_type=application/octet-stream data_size=3 length=78 log_time=2 name=myfile offset=25
Footer summary_offset_start=0 summary_start=116
