Header library=s:"" profile=s:""
Attachment content_type=s:application/octet-stream created_at=n:1 data=b:<010203> log_time=n:2 name=s:myFile
Statistics attachment_count=i:1 channel_count=i:0 channel_message_counts=m:{} chunk_count=i:0 message_count=n:0
SummaryOffset group_length=n:0 group_opcode=i:13 group_start=n:149
SummaryOffset group_length=n:33 group_opcode=i:11 group_start=n:116
SummaryOffset group_length=n:0 group_opcode=i:8 group_start=n:149
Footer summary_crc=i:0 summary_offset_start=n:149 summary_start=n:116
